$ pnpm build:parlor && pnpm typecheck && pnpm test
$ pnpm --filter './vendor/parlor/**' -r build
Scope: 5 of 6 workspace projects
vendor/parlor/packages/auth build$ tsc -p tsconfig.json
vendor/parlor/packages/core build$ tsc -p tsconfig.json
vendor/parlor/packages/web build$ tsc -p tsconfig.json
vendor/parlor/packages/web build: Done
vendor/parlor/packages/react build$ tsc -p tsconfig.json
vendor/parlor/packages/core build: Done
vendor/parlor/packages/auth build: Done
vendor/parlor/integrations/convex build$ tsc -p tsconfig.json
vendor/parlor/packages/react build: Done
vendor/parlor/integrations/convex build: Done
$ next typegen && tsc --noEmit
Generating route types...
✓ Types generated successfully
$ vitest run

 RUN  v5.0.0 /home/phaedrus/.hermes/kanban/workspaces/t_2f3bbf3d


 Test Files  5 passed (5)
      Tests  48 passed (48)
   Start at  15:03:29
   Duration  3.98s (tests 94%, transform 3%, import 2%)

